
> frontend@0.1.0 build
> next build

node.exe : ΓÜá 
Warning: Next.js 
inferred your 
workspace root, but 
it may not be 
correct.
At line:1 char:1
+ & "C:\Program Files
\nodejs/node.exe" "C:
\Users\sahas\AppData\
Roaming\ ...
+ ~~~~~~~~~~~~~~~~~~~
~~~~~~~~~~~~~~~~~~~~~
~~~~~~~~~~~~~~~~~~~~~
~~~~~~~~
    + CategoryInfo   
           : NotSpe  
  cified: (ΓÜá War   
 ning: Ne...not b    
e correct.:Strin    
g) [], RemoteExc    
eption
    + FullyQualified 
   ErrorId : Native  
  CommandError
 
 We detected 
multiple lockfiles 
and selected the 
directory of 
D:\Programing Lanuage
s\Projects\UtSav\pack
age-lock.json as the 
root directory.
 To silence this 
warning, set 
`turbopack.root` in 
your Next.js config, 
or consider removing 
one of the lockfiles 
if it's not needed.
   See https://nextjs
.org/docs/app/api-ref
erence/config/next-co
nfig-js/turbopack#roo
t-directory for more 
information.
 Detected additional 
lockfiles: 
   * D:\Programing La
nuages\Projects\UtSav
\frontend\package-loc
k.json

Γû▓ Next.js 16.1.1 (Turbopack)
- Environments: .env.local

  Creating an optimized production build ...
Error: Cannot apply 
unknown utility 
class 
`border-border`. Are 
you using CSS 
modules or similar 
and missing 
`@reference`? https:/
/tailwindcss.com/docs
/functions-and-direct
ives#reference-direct
ive
    [2m[at 
onInvalidCandidate 
(D:\Programing Lanuag
es\Projects\UtSav\fro
ntend\node_modules\ta
ilwindcss\dist\lib.js
:21:1314)][0m
    [2m[at Te 
(D:\Programing Lanuag
es\Projects\UtSav\fro
ntend\node_modules\ta
ilwindcss\dist\lib.js
:16:36652)][0m
    [2m[at 
D:\Programing Lanuage
s\Projects\UtSav\fron
tend\node_modules\tai
lwindcss\dist\lib.js:
21:355][0m
    [2m[at Rr 
(D:\Programing Lanuag
es\Projects\UtSav\fro
ntend\node_modules\ta
ilwindcss\dist\lib.js
:3:1718)][0m
    [2m[at _ 
(D:\Programing Lanuag
es\Projects\UtSav\fro
ntend\node_modules\ta
ilwindcss\dist\lib.js
:3:1377)][0m
    [2m[at $e 
(D:\Programing Lanuag
es\Projects\UtSav\fro
ntend\node_modules\ta
ilwindcss\dist\lib.js
:21:172)][0m
    [2m[at un 
(D:\Programing Lanuag
es\Projects\UtSav\fro
ntend\node_modules\ta
ilwindcss\dist\lib.js
:38:294)][0m
    [2m[at process.p
rocessTicksAndRejecti
ons (node:internal/pr
ocess/task_queues:105
:5)][0m
    [2m[at async cn 
(D:\Programing Lanuag
es\Projects\UtSav\fro
ntend\node_modules\ta
ilwindcss\dist\lib.js
:38:631)][0m
    [2m[at async Xr 
(D:\Programing Lanuag
es\Projects\UtSav\fro
ntend\node_modules\@t
ailwindcss\node\dist\
index.js:10:3417)][0
m

> Build error 
occurred
Error: Turbopack 
build failed with 9 
errors:
./frontend/app/global
s.css
Error evaluating 
Node.js code
CssSyntaxError: 
tailwindcss: 
D:\Programing Lanuage
s\Projects\UtSav\fron
tend\app\globals.css:
1:1: Cannot apply 
unknown utility 
class 
`border-border`. Are 
you using CSS 
modules or similar 
and missing 
`@reference`? https:/
/tailwindcss.com/docs
/functions-and-direct
ives#reference-direct
ive
    at Input.error (f
rontend/node_modules/
postcss/lib/input.js:
135:16) 
[D:\Programing Lanuag
es\Projects\UtSav\fro
ntend\.next\build\chu
nks\9e883_174fdf60._.
js:4651:22]
    at Root.error (fr
ontend/node_modules/p
ostcss/lib/node.js:14
6:32) [D:\Programing 
Lanuages\Projects\UtS
av\frontend\.next\bui
ld\chunks\9e883_174fd
f60._.js:928:38]
    [at Object.Once 
(D:\Programing Lanuag
es\Projects\UtSav\fro
ntend\node_modules\@t
ailwindcss\postcss\di
st\index.js:10:6911)]
    [at process.proce
ssTicksAndRejections 
(node:internal/proces
s/task_queues:105:5)]
    at async 
LazyResult.runAsync (
frontend/node_modules
/postcss/lib/lazy-res
ult.js:293:11) 
[D:\Programing Lanuag
es\Projects\UtSav\fro
ntend\.next\build\chu
nks\9e883_174fdf60._.
js:6206:21]
    at async 
transform (turbopack:
///[turbopack-node]/t
ransforms/postcss.ts:
70:34) 
[D:\Programing Lanuag
es\Projects\UtSav\fro
ntend\.next\build\chu
nks\[root-of-the-serv
er]__188e9cb8._.js:14
6:36]
    at async run (tur
bopack:///[turbopack-
node]/ipc/evaluate.ts
:92:23) 
[D:\Programing Lanuag
es\Projects\UtSav\fro
ntend\.next\build\chu
nks\[root-of-the-serv
er]__3b54a99d._.js:44
3:31]

Import trace:
  Client Component 
Browser:
    ./frontend/app/gl
obals.css [Client 
Component Browser]
    ./frontend/app/la
yout.tsx [Server 
Component]


./frontend/hooks/useA
uth.ts:95:27
Parsing ecmascript 
source code failed
[0m [90m 93 |[39m
 [90m 94 |[39m   
[36mreturn[39m (
[31m[1m>[22m[39m
[90m 95 |[39m     [
33m<[39m[33mAuthCon
text[39m[33m.[39m
[33mProvider[39m val
ue[33m=[39m{value}
[33m>[39m
 [90m    |[39m     
                     
 [31m[1m^[22m[39m
[31m[1m^[22m[39m
[31m[1m^[22m[39m[
31m[1m^[22m[39m[3
1m[1m^[22m[39m
 [90m 96 |[39m     
  {children}
 [90m 97 |[39m     
[33m<[39m[33m/[39
m[33mAuthContext[39
m[33m.[39m[33mProv
ider[39m[33m>[39m
 [90m 98 |[39m   
)[33m;[39m[0m

Expected '>', got 
'value'

Import traces:
  Server Component:
    ./frontend/hooks/
useAuth.ts
    ./frontend/app/la
yout.tsx

  Client Component 
Browser:
    ./frontend/hooks/
useAuth.ts [Client 
Component Browser]
    ./frontend/compon
ents/shared/Navbar.ts
x [Client Component 
Browser]
    ./frontend/compon
ents/shared/Navbar.ts
x [Server Component]
    ./frontend/app/la
yout.tsx [Server 
Component]

  Client Component 
SSR:
    ./frontend/hooks/
useAuth.ts [Client 
Component SSR]
    ./frontend/compon
ents/shared/Navbar.ts
x [Client Component 
SSR]
    ./frontend/compon
ents/shared/Navbar.ts
x [Server Component]
    ./frontend/app/la
yout.tsx [Server 
Component]


./frontend/app/custom
er/dashboard/page.tsx
:9:1
Module not found: 
Can't resolve '@/comp
onents/customer/Event
Card'
[0m [90m  7 |[39m 
[36mimport[39m { [
33mCard[39m[33m,[3
9m [33mCardContent[
39m[33m,[39m [33mC
ardHeader[39m[33m,
[39m 
[33mCardTitle[39m 
} [36mfrom[39m [32
m'@/components/ui/car
d'[39m[33m;[39m
 [90m  8 |[39m 
[36mimport[39m { 
[33mButton[39m } 
[36mfrom[39m [32m'
@/components/ui/butto
n'[39m[33m;[39m
[31m[1m>[22m[39m
[90m  9 |[39m 
[36mimport[39m { 
[33mEventCard[39m 
} [36mfrom[39m [32
m'@/components/custom
er/EventCard'[39m[3
3m;[39m
 [90m    |[39m [31
m[1m^[22m[39m[31m
[1m^[22m[39m[31m
[1m^[22m[39m[31m[
1m^[22m[39m[31m[1
m^[22m[39m[31m[1m
^[22m[39m[31m[1m^
[22m[39m[31m[1m^
[22m[39m[31m[1m^[
22m[39m[31m[1m^[2
2m[39m[31m[1m^[22
m[39m[31m[1m^[22m
[39m[31m[1m^[22m
[39m[31m[1m^[22m[
39m[31m[1m^[22m[3
9m[31m[1m^[22m[39
m[31m[1m^[22m[39m
[31m[1m^[22m[39m
[31m[1m^[22m[39m[
31m[1m^[22m[39m[3
1m[1m^[22m[39m[31
m[1m^[22m[39m[31m
[1m^[22m[39m[31m
[1m^[22m[39m[31m[
1m^[22m[39m[31m[1
m^[22m[39m[31m[1m
^[22m[39m[31m[1m^
[22m[39m[31m[1m^
[22m[39m[31m[1m^[
22m[39m[31m[1m^[2
2m[39m[31m[1m^[22
m[39m[31m[1m^[22m
[39m[31m[1m^[22m
[39m[31m[1m^[22m[
39m[31m[1m^[22m[3
9m[31m[1m^[22m[39
m[31m[1m^[22m[39m
[31m[1m^[22m[39m
[31m[1m^[22m[39m[
31m[1m^[22m[39m[3
1m[1m^[22m[39m[31
m[1m^[22m[39m[31m
[1m^[22m[39m[31m
[1m^[22m[39m[31m[
1m^[22m[39m[31m[1
m^[22m[39m[31m[1m
^[22m[39m[31m[1m^
[22m[39m[31m[1m^
[22m[39m[31m[1m^[
22m[39m[31m[1m^[2
2m[39m[31m[1m^[22
m[39m[31m[1m^[22m
[39m[31m[1m^[22m
[39m[31m[1m^[22m[
39m[31m[1m^[22m[3
9m[31m[1m^[22m[39
m[31m[1m^[22m[39m
[31m[1m^[22m[39m
 [90m 10 |[39m 
[36mimport[39m { 
[33mEvent[39m } 
[36mfrom[39m [32m'
@/types/event'[39m[
33m;[39m
 [90m 11 |[39m 
[36mimport[39m { 
apiClient } 
[36mfrom[39m [32m'
@/lib/api'[39m[33m;
[39m
 [90m 12 |[39m[0m

Import map: aliased 
to relative './compon
ents/customer/EventCa
rd' inside of 
[project]/frontend


Import traces:
  Client Component 
Browser:
    ./frontend/app/cu
stomer/dashboard/page
.tsx [Client 
Component Browser]
    ./frontend/app/cu
stomer/dashboard/page
.tsx [Server 
Component]

  Client Component 
SSR:
    ./frontend/app/cu
stomer/dashboard/page
.tsx [Client 
Component SSR]
    ./frontend/app/cu
stomer/dashboard/page
.tsx [Server 
Component]

https://nextjs.org/do
cs/messages/module-no
t-found


./frontend/app/(auth)
/register/page.tsx:9:
1
Module not found: 
Can't resolve '@/comp
onents/ui/label'
[0m [90m  7 |[39m 
[36mimport[39m { [
33mCard[39m[33m,[3
9m [33mCardContent[
39m[33m,[39m [33mC
ardDescription[39m[
33m,[39m [33mCardHe
ader[39m[33m,[39m 
[33mCardTitle[39m 
} [36mfrom[39m [32
m'@/components/ui/car
d'[39m[33m;[39m
 [90m  8 |[39m 
[36mimport[39m { 
[33mInput[39m } 
[36mfrom[39m [32m'
@/components/ui/input
'[39m[33m;[39m
[31m[1m>[22m[39m
[90m  9 |[39m 
[36mimport[39m { 
[33mLabel[39m } 
[36mfrom[39m [32m'
@/components/ui/label
'[39m[33m;[39m
 [90m    |[39m [31
m[1m^[22m[39m[31m
[1m^[22m[39m[31m
[1m^[22m[39m[31m[
1m^[22m[39m[31m[1
m^[22m[39m[31m[1m
^[22m[39m[31m[1m^
[22m[39m[31m[1m^
[22m[39m[31m[1m^[
22m[39m[31m[1m^[2
2m[39m[31m[1m^[22
m[39m[31m[1m^[22m
[39m[31m[1m^[22m
[39m[31m[1m^[22m[
39m[31m[1m^[22m[3
9m[31m[1m^[22m[39
m[31m[1m^[22m[39m
[31m[1m^[22m[39m
[31m[1m^[22m[39m[
31m[1m^[22m[39m[3
1m[1m^[22m[39m[31
m[1m^[22m[39m[31m
[1m^[22m[39m[31m
[1m^[22m[39m[31m[
1m^[22m[39m[31m[1
m^[22m[39m[31m[1m
^[22m[39m[31m[1m^
[22m[39m[31m[1m^
[22m[39m[31m[1m^[
22m[39m[31m[1m^[2
2m[39m[31m[1m^[22
m[39m[31m[1m^[22m
[39m[31m[1m^[22m
[39m[31m[1m^[22m[
39m[31m[1m^[22m[3
9m[31m[1m^[22m[39
m[31m[1m^[22m[39m
[31m[1m^[22m[39m
[31m[1m^[22m[39m[
31m[1m^[22m[39m[3
1m[1m^[22m[39m[31
m[1m^[22m[39m[31m
[1m^[22m[39m[31m
[1m^[22m[39m[31m[
1m^[22m[39m
 [90m 10 |[39m 
[36mimport[39m { [
33mSelect[39m[33m,
[39m [33mSelectConte
nt[39m[33m,[39m [
33mSelectItem[39m[3
3m,[39m [33mSelectT
rigger[39m[33m,[39
m [33mSelectValue[3
9m } [36mfrom[39m 
[32m'@/components/ui/
select'[39m[33m;[3
9m
 [90m 11 |[39m 
[36mimport[39m { [
33mUsers[39m[33m,[
39m [33mUser[39m[3
3m,[39m [33mBriefca
se[39m[33m,[39m [
33mMail[39m[33m,[3
9m [33mPhone[39m[3
3m,[39m 
[33mLock[39m } 
[36mfrom[39m [32m'
lucide-react'[39m[3
3m;[39m
 [90m 12 |[39m[0m

Import map: aliased 
to relative './compon
ents/ui/label' 
inside of 
[project]/frontend


Import traces:
  Client Component 
Browser:
    ./frontend/app/(a
uth)/register/page.ts
x [Client Component 
Browser]
    ./frontend/app/(a
uth)/register/page.ts
x [Server Component]

  Client Component 
SSR:
    ./frontend/app/(a
uth)/register/page.ts
x [Client Component 
SSR]
    ./frontend/app/(a
uth)/register/page.ts
x [Server Component]

https://nextjs.org/do
cs/messages/module-no
t-found


./frontend/app/(auth)
/register/page.tsx:10
:1
Module not found: 
Can't resolve '@/comp
onents/ui/select'
[0m [90m  8 |[39m 
[36mimport[39m { 
[33mInput[39m } 
[36mfrom[39m [32m'
@/components/ui/input
'[39m[33m;[39m
 [90m  9 |[39m 
[36mimport[39m { 
[33mLabel[39m } 
[36mfrom[39m [32m'
@/components/ui/label
'[39m[33m;[39m
[31m[1m>[22m[39m
[90m 10 |[39m 
[36mimport[39m { [
33mSelect[39m[33m,
[39m [33mSelectConte
nt[39m[33m,[39m [
33mSelectItem[39m[3
3m,[39m [33mSelectT
rigger[39m[33m,[39
m [33mSelectValue[3
9m } [36mfrom[39m 
[32m'@/components/ui/
select'[39m[33m;[3
9m
 [90m    |[39m [31
m[1m^[22m[39m[31m
[1m^[22m[39m[31m
[1m^[22m[39m[31m[
1m^[22m[39m[31m[1
m^[22m[39m[31m[1m
^[22m[39m[31m[1m^
[22m[39m[31m[1m^
[22m[39m[31m[1m^[
22m[39m[31m[1m^[2
2m[39m[31m[1m^[22
m[39m[31m[1m^[22m
[39m[31m[1m^[22m
[39m[31m[1m^[22m[
39m[31m[1m^[22m[3
9m[31m[1m^[22m[39
m[31m[1m^[22m[39m
[31m[1m^[22m[39m
[31m[1m^[22m[39m[
31m[1m^[22m[39m[3
1m[1m^[22m[39m[31
m[1m^[22m[39m[31m
[1m^[22m[39m[31m
[1m^[22m[39m[31m[
1m^[22m[39m[31m[1
m^[22m[39m[31m[1m
^[22m[39m[31m[1m^
[22m[39m[31m[1m^
[22m[39m[31m[1m^[
22m[39m[31m[1m^[2
2m[39m[31m[1m^[22
m[39m[31m[1m^[22m
[39m[31m[1m^[22m
[39m[31m[1m^[22m[
39m[31m[1m^[22m[3
9m[31m[1m^[22m[39
m[31m[1m^[22m[39m
[31m[1m^[22m[39m
[31m[1m^[22m[39m[
31m[1m^[22m[39m[3
1m[1m^[22m[39m[31
m[1m^[22m[39m[31m
[1m^[22m[39m[31m
[1m^[22m[39m[31m[
1m^[22m[39m[31m[1
m^[22m[39m[31m[1m
^[22m[39m[31m[1m^
[22m[39m[31m[1m^
[22m[39m[31m[1m^[
22m[39m[31m[1m^[2
2m[39m[31m[1m^[22
m[39m[31m[1m^[22m
[39m[31m[1m^[22m
[39m[31m[1m^[22m[
39m[31m[1m^[22m[3
9m[31m[1m^[22m[39
m[31m[1m^[22m[39m
[31m[1m^[22m[39m
[31m[1m^[22m[39m[
31m[1m^[22m[39m[3
1m[1m^[22m[39m[31
m[1m^[22m[39m[31m
[1m^[22m[39m[31m
[1m^[22m[39m[31m[
1m^[22m[39m[31m[1
m^[22m[39m[31m[1m
^[22m[39m[31m[1m^
[22m[39m[31m[1m^
[22m[39m[31m[1m^[
22m[39m[31m[1m^[2
2m[39m[31m[1m^[22
m[39m[31m[1m^[22m
[39m[31m[1m^[22m
[39m[31m[1m^[22m[
39m[31m[1m^[22m[3
9m[31m[1m^[22m[39
m[31m[1m^[22m[39m
[31m[1m^[22m[39m
[31m[1m^[22m[39m[
31m[1m^[22m[39m[3
1m[1m^[22m[39m[31
m[1m^[22m[39m[31m
[1m^[22m[39m[31m
[1m^[22m[39m[31m[
1m^[22m[39m[31m[1
m^[22m[39m[31m[1m
^[22m[39m[31m[1m^
[22m[39m[31m[1m^
[22m[39m[31m[1m^[
22m[39m[31m[1m^[2
2m[39m[31m[1m^[22
m[39m[31m[1m^[22m
[39m[31m[1m^[22m
[39m[31m[1m^[22m[
39m[31m[1m^[22m[3
9m[31m[1m^[22m[39
m[31m[1m^[22m[39m
[31m[1m^[22m[39m
[31m[1m^[22m[39m
 [90m 11 |[39m 
[36mimport[39m { [
33mUsers[39m[33m,[
39m [33mUser[39m[3
3m,[39m [33mBriefca
se[39m[33m,[39m [
33mMail[39m[33m,[3
9m [33mPhone[39m[3
3m,[39m 
[33mLock[39m } 
[36mfrom[39m [32m'
lucide-react'[39m[3
3m;[39m
 [90m 12 |[39m
 [90m 13 |[39m 
[36mexport[39m 
[36mdefault[39m 
[36mfunction[39m [
33mRegisterPage[39m(
) {[0m

Import map: aliased 
to relative './compon
ents/ui/select' 
inside of 
[project]/frontend


Import traces:
  Client Component 
Browser:
    ./frontend/app/(a
uth)/register/page.ts
x [Client Component 
Browser]
    ./frontend/app/(a
uth)/register/page.ts
x [Server Component]

  Client Component 
SSR:
    ./frontend/app/(a
uth)/register/page.ts
x [Client Component 
SSR]
    ./frontend/app/(a
uth)/register/page.ts
x [Server Component]

https://nextjs.org/do
cs/messages/module-no
t-found


./frontend/app/layout
.tsx:4:1
Module not found: 
Can't resolve 
'next-themes'
[0m [90m 2 |[39m 
[36mimport[39m 
type { 
[33mMetadata[39m } 
[36mfrom[39m [32m'
next'[39m[33m;[39m
 [90m 3 |[39m 
[36mimport[39m { 
[33mInter[39m } 
[36mfrom[39m [32m'
next/font/google'[39
m[33m;[39m
[31m[1m>[22m[39m
[90m 4 |[39m 
[36mimport[39m { [
33mThemeProvider[39m
 } [36mfrom[39m [3
2m'next-themes'[39m
[33m;[39m
 [90m   |[39m [31m
[1m^[22m[39m[31m
[1m^[22m[39m[31m[
1m^[22m[39m[31m[1
m^[22m[39m[31m[1m
^[22m[39m[31m[1m^
[22m[39m[31m[1m^
[22m[39m[31m[1m^[
22m[39m[31m[1m^[2
2m[39m[31m[1m^[22
m[39m[31m[1m^[22m
[39m[31m[1m^[22m
[39m[31m[1m^[22m[
39m[31m[1m^[22m[3
9m[31m[1m^[22m[39
m[31m[1m^[22m[39m
[31m[1m^[22m[39m
[31m[1m^[22m[39m[
31m[1m^[22m[39m[3
1m[1m^[22m[39m[31
m[1m^[22m[39m[31m
[1m^[22m[39m[31m
[1m^[22m[39m[31m[
1m^[22m[39m[31m[1
m^[22m[39m[31m[1m
^[22m[39m[31m[1m^
[22m[39m[31m[1m^
[22m[39m[31m[1m^[
22m[39m[31m[1m^[2
2m[39m[31m[1m^[22
m[39m[31m[1m^[22m
[39m[31m[1m^[22m
[39m[31m[1m^[22m[
39m[31m[1m^[22m[3
9m[31m[1m^[22m[39
m[31m[1m^[22m[39m
[31m[1m^[22m[39m
[31m[1m^[22m[39m[
31m[1m^[22m[39m[3
1m[1m^[22m[39m[31
m[1m^[22m[39m[31m
[1m^[22m[39m[31m
[1m^[22m[39m
 [90m 5 |[39m 
[36mimport[39m { [
33mAuthProvider[39m 
} [36mfrom[39m [32
m'@/hooks/useAuth'[3
9m[33m;[39m  
[90m// ΓåÉ NEW[39m
 [90m 6 |[39m 
[36mimport[39m 
[33mNavbar[39m 
[36mfrom[39m [32m'
@/components/shared/N
avbar'[39m[33m;[39
m
 [90m 7 |[39m 
[36mimport[39m [32
m'./globals.css'[39m
[33m;[39m[0m



https://nextjs.org/do
cs/messages/module-no
t-found


./frontend/components
/shared/ThemeToggle.t
sx:4:1
Module not found: 
Can't resolve 
'next-themes'
[0m [90m 2 |[39m 
[32m'use client'[39
m[33m;[39m
 [90m 3 |[39m
[31m[1m>[22m[39m
[90m 4 |[39m 
[36mimport[39m { 
useTheme } 
[36mfrom[39m [32m'
next-themes'[39m[33
m;[39m
 [90m   |[39m [31m
[1m^[22m[39m[31m
[1m^[22m[39m[31m[
1m^[22m[39m[31m[1
m^[22m[39m[31m[1m
^[22m[39m[31m[1m^
[22m[39m[31m[1m^
[22m[39m[31m[1m^[
22m[39m[31m[1m^[2
2m[39m[31m[1m^[22
m[39m[31m[1m^[22m
[39m[31m[1m^[22m
[39m[31m[1m^[22m[
39m[31m[1m^[22m[3
9m[31m[1m^[22m[39
m[31m[1m^[22m[39m
[31m[1m^[22m[39m
[31m[1m^[22m[39m[
31m[1m^[22m[39m[3
1m[1m^[22m[39m[31
m[1m^[22m[39m[31m
[1m^[22m[39m[31m
[1m^[22m[39m[31m[
1m^[22m[39m[31m[1
m^[22m[39m[31m[1m
^[22m[39m[31m[1m^
[22m[39m[31m[1m^
[22m[39m[31m[1m^[
22m[39m[31m[1m^[2
2m[39m[31m[1m^[22
m[39m[31m[1m^[22m
[39m[31m[1m^[22m
[39m[31m[1m^[22m[
39m[31m[1m^[22m[3
9m[31m[1m^[22m[39
m[31m[1m^[22m[39m
[31m[1m^[22m[39m
[31m[1m^[22m[39m
 [90m 5 |[39m 
[36mimport[39m { 
[33mButton[39m } 
[36mfrom[39m [32m'
@/components/ui/butto
n'[39m[33m;[39m
 [90m 6 |[39m 
[36mimport[39m { [
33mSun[39m[33m,[39
m [33mMoon[39m } 
[36mfrom[39m [32m'
lucide-react'[39m[3
3m;[39m
 [90m 7 |[39m 
[36mimport[39m { 
useEffect[33m,[39m 
useState } 
[36mfrom[39m [32m'
react'[39m[33m;[39
m[0m



Import traces:
  Client Component 
Browser:
    ./frontend/compon
ents/shared/ThemeTogg
le.tsx [Client 
Component Browser]
    ./frontend/compon
ents/shared/Navbar.ts
x [Client Component 
Browser]
    ./frontend/compon
ents/shared/Navbar.ts
x [Server Component]
    ./frontend/app/la
yout.tsx [Server 
Component]

  Client Component 
SSR:
    ./frontend/compon
ents/shared/ThemeTogg
le.tsx [Client 
Component SSR]
    ./frontend/compon
ents/shared/Navbar.ts
x [Client Component 
SSR]
    ./frontend/compon
ents/shared/Navbar.ts
x [Server Component]
    ./frontend/app/la
yout.tsx [Server 
Component]

https://nextjs.org/do
cs/messages/module-no
t-found


./frontend/app/custom
er/dashboard/page.tsx
:6:1
Export 
ProtectedRoute 
doesn't exist in 
target module
[0m [90m 4 |[39m 
[36mimport[39m { 
useEffect[33m,[39m 
useState } 
[36mfrom[39m [32m'
react'[39m[33m;[39
m
 [90m 5 |[39m 
[36mimport[39m { 
useAuth } 
[36mfrom[39m [32m'
@/hooks/useAuth'[39m
[33m;[39m
[31m[1m>[22m[39m
[90m 6 |[39m 
[36mimport[39m { [
33mProtectedRoute[39
m } [36mfrom[39m [
32m'@/components/shar
ed/ProtectedRoute'[3
9m[33m;[39m
 [90m   |[39m [31m
[1m^[22m[39m[31m
[1m^[22m[39m[31m[
1m^[22m[39m[31m[1
m^[22m[39m[31m[1m
^[22m[39m[31m[1m^
[22m[39m[31m[1m^
[22m[39m[31m[1m^[
22m[39m[31m[1m^[2
2m[39m[31m[1m^[22
m[39m[31m[1m^[22m
[39m[31m[1m^[22m
[39m[31m[1m^[22m[
39m[31m[1m^[22m[3
9m[31m[1m^[22m[39
m[31m[1m^[22m[39m
[31m[1m^[22m[39m
[31m[1m^[22m[39m[
31m[1m^[22m[39m[3
1m[1m^[22m[39m[31
m[1m^[22m[39m[31m
[1m^[22m[39m[31m
[1m^[22m[39m[31m[
1m^[22m[39m[31m[1
m^[22m[39m[31m[1m
^[22m[39m[31m[1m^
[22m[39m[31m[1m^
[22m[39m[31m[1m^[
22m[39m[31m[1m^[2
2m[39m[31m[1m^[22
m[39m[31m[1m^[22m
[39m[31m[1m^[22m
[39m[31m[1m^[22m[
39m[31m[1m^[22m[3
9m[31m[1m^[22m[39
m[31m[1m^[22m[39m
[31m[1m^[22m[39m
[31m[1m^[22m[39m[
31m[1m^[22m[39m[3
1m[1m^[22m[39m[31
m[1m^[22m[39m[31m
[1m^[22m[39m[31m
[1m^[22m[39m[31m[
1m^[22m[39m[31m[1
m^[22m[39m[31m[1m
^[22m[39m[31m[1m^
[22m[39m[31m[1m^
[22m[39m[31m[1m^[
22m[39m[31m[1m^[2
2m[39m[31m[1m^[22
m[39m[31m[1m^[22m
[39m[31m[1m^[22m
[39m[31m[1m^[22m[
39m[31m[1m^[22m[3
9m[31m[1m^[22m[39
m[31m[1m^[22m[39m
[31m[1m^[22m[39m
[31m[1m^[22m[39m[
31m[1m^[22m[39m[3
1m[1m^[22m[39m[31
m[1m^[22m[39m[31m
[1m^[22m[39m[31m
[1m^[22m[39m[31m[
1m^[22m[39m[31m[1
m^[22m[39m[31m[1m
^[22m[39m
 [90m 7 |[39m 
[36mimport[39m { [
33mCard[39m[33m,[3
9m [33mCardContent[
39m[33m,[39m [33mC
ardHeader[39m[33m,
[39m 
[33mCardTitle[39m 
} [36mfrom[39m [32
m'@/components/ui/car
d'[39m[33m;[39m
 [90m 8 |[39m 
[36mimport[39m { 
[33mButton[39m } 
[36mfrom[39m [32m'
@/components/ui/butto
n'[39m[33m;[39m
 [90m 9 |[39m 
[36mimport[39m { 
[33mEventCard[39m 
} [36mfrom[39m [32
m'@/components/custom
er/EventCard'[39m[3
3m;[39m[0m

The export 
ProtectedRoute was 
not found in module [
project]/frontend/com
ponents/shared/Protec
tedRoute.tsx 
[app-client] 
(ecmascript).
Did you mean to 
import default?
All exports of the 
module are 
statically known (It 
doesn't have dynamic 
exports). So it's 
known statically 
that the requested 
export doesn't exist.

Import traces:
  Client Component 
Browser:
    ./frontend/app/cu
stomer/dashboard/page
.tsx [Client 
Component Browser]
    ./frontend/app/cu
stomer/dashboard/page
.tsx [Server 
Component]

  Client Component 
SSR:
    ./frontend/app/cu
stomer/dashboard/page
.tsx [Client 
Component SSR]
    ./frontend/app/cu
stomer/dashboard/page
.tsx [Server 
Component]


./frontend/app/custom
er/dashboard/page.tsx
:6:1
Export 
ProtectedRoute 
doesn't exist in 
target module
[0m [90m 4 |[39m 
[36mimport[39m { 
useEffect[33m,[39m 
useState } 
[36mfrom[39m [32m'
react'[39m[33m;[39
m
 [90m 5 |[39m 
[36mimport[39m { 
useAuth } 
[36mfrom[39m [32m'
@/hooks/useAuth'[39m
[33m;[39m
[31m[1m>[22m[39m
[90m 6 |[39m 
[36mimport[39m { [
33mProtectedRoute[39
m } [36mfrom[39m [
32m'@/components/shar
ed/ProtectedRoute'[3
9m[33m;[39m
 [90m   |[39m [31m
[1m^[22m[39m[31m
[1m^[22m[39m[31m[
1m^[22m[39m[31m[1
m^[22m[39m[31m[1m
^[22m[39m[31m[1m^
[22m[39m[31m[1m^
[22m[39m[31m[1m^[
22m[39m[31m[1m^[2
2m[39m[31m[1m^[22
m[39m[31m[1m^[22m
[39m[31m[1m^[22m
[39m[31m[1m^[22m[
39m[31m[1m^[22m[3
9m[31m[1m^[22m[39
m[31m[1m^[22m[39m
[31m[1m^[22m[39m
[31m[1m^[22m[39m[
31m[1m^[22m[39m[3
1m[1m^[22m[39m[31
m[1m^[22m[39m[31m
[1m^[22m[39m[31m
[1m^[22m[39m[31m[
1m^[22m[39m[31m[1
m^[22m[39m[31m[1m
^[22m[39m[31m[1m^
[22m[39m[31m[1m^
[22m[39m[31m[1m^[
22m[39m[31m[1m^[2
2m[39m[31m[1m^[22
m[39m[31m[1m^[22m
[39m[31m[1m^[22m
[39m[31m[1m^[22m[
39m[31m[1m^[22m[3
9m[31m[1m^[22m[39
m[31m[1m^[22m[39m
[31m[1m^[22m[39m
[31m[1m^[22m[39m[
31m[1m^[22m[39m[3
1m[1m^[22m[39m[31
m[1m^[22m[39m[31m
[1m^[22m[39m[31m
[1m^[22m[39m[31m[
1m^[22m[39m[31m[1
m^[22m[39m[31m[1m
^[22m[39m[31m[1m^
[22m[39m[31m[1m^
[22m[39m[31m[1m^[
22m[39m[31m[1m^[2
2m[39m[31m[1m^[22
m[39m[31m[1m^[22m
[39m[31m[1m^[22m
[39m[31m[1m^[22m[
39m[31m[1m^[22m[3
9m[31m[1m^[22m[39
m[31m[1m^[22m[39m
[31m[1m^[22m[39m
[31m[1m^[22m[39m[
31m[1m^[22m[39m[3
1m[1m^[22m[39m[31
m[1m^[22m[39m[31m
[1m^[22m[39m[31m
[1m^[22m[39m[31m[
1m^[22m[39m[31m[1
m^[22m[39m[31m[1m
^[22m[39m
 [90m 7 |[39m 
[36mimport[39m { [
33mCard[39m[33m,[3
9m [33mCardContent[
39m[33m,[39m [33mC
ardHeader[39m[33m,
[39m 
[33mCardTitle[39m 
} [36mfrom[39m [32
m'@/components/ui/car
d'[39m[33m;[39m
 [90m 8 |[39m 
[36mimport[39m { 
[33mButton[39m } 
[36mfrom[39m [32m'
@/components/ui/butto
n'[39m[33m;[39m
 [90m 9 |[39m 
[36mimport[39m { 
[33mEventCard[39m 
} [36mfrom[39m [32
m'@/components/custom
er/EventCard'[39m[3
3m;[39m[0m

The export 
ProtectedRoute was 
not found in module [
project]/frontend/com
ponents/shared/Protec
tedRoute.tsx 
[app-ssr] 
(ecmascript).
Did you mean to 
import default?
All exports of the 
module are 
statically known (It 
doesn't have dynamic 
exports). So it's 
known statically 
that the requested 
export doesn't exist.

Import traces:
  Client Component 
Browser:
    ./frontend/app/cu
stomer/dashboard/page
.tsx [Client 
Component Browser]
    ./frontend/app/cu
stomer/dashboard/page
.tsx [Server 
Component]

  Client Component 
SSR:
    ./frontend/app/cu
stomer/dashboard/page
.tsx [Client 
Component SSR]
    ./frontend/app/cu
stomer/dashboard/page
.tsx [Server 
Component]


    at async 
transform (turbopack:
///[turbopack-node]/t
ransforms/postcss.ts:
70:34) 
[D:\Programing Lanuag
es\Projects\UtSav\fro
ntend\.next\build\chu
nks\[root-of-the-serv
er]__188e9cb8._.js:14
6:36])
    at async run (tur
bopack:///[turbopack-
node]/ipc/evaluate.ts
:92:23) 
[D:\Programing Lanuag
es\Projects\UtSav\fro
ntend\.next\build\chu
nks\[root-of-the-serv
er]__3b54a99d._.js:44
3:31])
    at <unknown> (./f
rontend/hooks/useAuth
.ts:95:27)
    at <unknown> (./f
rontend/app/customer/
dashboard/page.tsx:9:
1)
    at <unknown> (htt
ps://nextjs.org/docs/
messages/module-not-f
ound)
    at <unknown> (./f
rontend/app/(auth)/re
gister/page.tsx:9:1)
    at <unknown> (htt
ps://nextjs.org/docs/
messages/module-not-f
ound)
    at <unknown> (./f
rontend/app/(auth)/re
gister/page.tsx:10:1)
    at <unknown> (htt
ps://nextjs.org/docs/
messages/module-not-f
ound)
    at <unknown> (./f
rontend/app/layout.ts
x:4:1)
    at <unknown> (htt
ps://nextjs.org/docs/
messages/module-not-f
ound)
    at <unknown> (./f
rontend/components/sh
ared/ThemeToggle.tsx:
4:1)
    at <unknown> (htt
ps://nextjs.org/docs/
messages/module-not-f
ound)
    at <unknown> (./f
rontend/app/customer/
dashboard/page.tsx:6:
1)
    at <unknown> (./f
rontend/app/customer/
dashboard/page.tsx:6:
1)
